// Jest Snapshot v1, https://goo.gl/fbAQLP

exports[`assumption reducer get assumption should get assumption 1`] = `Object {}`;
