// Jest Snapshot v1, https://goo.gl/fbAQLP

exports[`budget reducer get action should get budget 1`] = `50000`;
