// Jest Snapshot v1, https://goo.gl/fbAQLP

exports[`<Reveue /> should match snapshot 1`] = `
<div>
  55
   z≈Ç
</div>
`;
