// Jest Snapshot v1, https://goo.gl/fbAQLP

exports[`budget actions should create API_REQUEST_PENDING action with snapshot 1`] = `
Object {
  "payload": Object {
    "budget": 50000,
  },
  "type": "READ_BUDGET",
}
`;
